
> temp-app@0.1.0 build
> next build

   ▲ Next.js 15.1.0

   Creating an optimized production build ...
Failed to compile.

./src/app/achievements/page.tsx
Error:   [31mx[0m Unexpected token `,`. Expected identifier or string
   ,-[[36;1;4m/app/src/app/achievements/page.tsx[0m:3:1]
 [2m1[0m | "use client";
 [2m2[0m | import {  } from "@/components/layout/MobileBottomNav";
 [2m3[0m | import { ,  } from "@/components/ui/Card";
   : [35;1m         ^[0m
 [2m4[0m | import {  } from "@/components/ui/Button";
 [2m5[0m | import {  } from "@/components/ui/Badge";
 [2m6[0m | import {  } from "@/components/ui/ProgressBar";
   `----

Caused by:
    Syntax Error

Import trace for requested module:
./src/app/achievements/page.tsx

./src/app/admin/analytics/courses/page.tsx
Error:   [31mx[0m Unexpected token `,`. Expected identifier or string
   ,-[[36;1;4m/app/src/app/admin/analytics/courses/page.tsx[0m:3:1]
 [2m1[0m | "use client";
 [2m2[0m | import { cn } from "@/lib/utils";
 [2m3[0m | import { , Bar, BarChart, CartesianGrid, Cell, ResponsiveContainer, Tooltip, XAxis, YAxis } from "recharts";
   : [35;1m         ^[0m
 [2m4[0m | import { MobileBottomNav } from "@/components/layout/MobileBottomNav";
 [2m5[0m | import { Sidebar } from "@/components/layout/Sidebar";
   `----

Caused by:
    Syntax Error

Import trace for requested module:
./src/app/admin/analytics/courses/page.tsx

./src/app/admin/marketing/page.tsx
Error:   [31mx[0m Unexpected token `,`. Expected identifier or string
    ,-[[36;1;4m/app/src/app/admin/marketing/page.tsx[0m:11:1]
 [2m 8[0m | import { Button } from "@/components/ui/Button";
 [2m 9[0m | import {  } from "@/components/ui/Badge";
 [2m10[0m | import {  } from "@/components/ui/Input";
 [2m11[0m | import { , Plus, Zap } from "lucide-react";
    : [35;1m         ^[0m
 [2m12[0m |
 [2m13[0m | export default function AdminMarketing() {
 [2m14[0m |   const [activeTab, setActiveTab] = useState<"coupons" | "campaigns" | "notifications">("coupons");
    `----

Caused by:
    Syntax Error

Import trace for requested module:
./src/app/admin/marketing/page.tsx

./src/app/admin/page.tsx
Error:   [31mx[0m Unexpected token `,`. Expected identifier or string
    ,-[[36;1;4m/app/src/app/admin/page.tsx[0m:11:1]
 [2m 8[0m | import { Button } from "@/components/ui/Button";
 [2m 9[0m | import { Card, CardContent, CardHeader, CardTitle } from "@/components/ui/Card";
 [2m10[0m | import { MobileBottomNav } from "@/components/layout/MobileBottomNav";
 [2m11[0m | import { , CartesianGrid, Cell, Line, LineChart, Pie, PieChart, ResponsiveContainer, Tooltip, XAxis, YAxis } from "recharts";
    : [35;1m         ^[0m
 [2m12[0m |
 [2m13[0m | export default function AdminDashboard() {
 [2m14[0m |   const revenueData = [
    `----

Caused by:
    Syntax Error

Import trace for requested module:
./src/app/admin/page.tsx

./src/app/admin/users/[userId]/page.tsx
Error:   [31mx[0m Unexpected token `,`. Expected identifier or string
    ,-[[36;1;4m/app/src/app/admin/users/[userId]/page.tsx[0m:9:1]
 [2m 6[0m | import { Card,  } from "@/components/ui/Card";
 [2m 7[0m | import { Button } from "@/components/ui/Button";
 [2m 8[0m | import {  } from "@/components/ui/Badge";
 [2m 9[0m | import { , Ban, Calendar, Mail, MapPin, Phone,  } from "lucide-react";
    : [35;1m         ^[0m
 [2m10[0m |
 [2m11[0m | export default function UserDetailPage() {
 [2m12[0m |   const [_status, _setStatus] = useState("Active");
    `----

Caused by:
    Syntax Error

Import trace for requested module:
./src/app/admin/users/[userId]/page.tsx


> Build failed because of webpack errors
